<?xml version="1.0" encoding="utf-8"?><testsuites><testsuite name="pytest" errors="0" failures="0" skipped="0" tests="83" time="3.974" timestamp="2025-06-02T05:23:21.778994+03:00" hostname="daemon"><testcase classname="scriptman.tests.test_cli.test_execution.TestScriptExecution" name="test_execute_script_success" time="0.095" /><testcase classname="scriptman.tests.test_cli.test_execution.TestScriptExecution" name="test_execute_script_not_found" time="0.003" /><testcase classname="scriptman.tests.test_cli.test_execution.TestScriptExecution" name="test_execute_script_validation_fails" time="0.003" /><testcase classname="scriptman.tests.test_cli.test_execution.TestScriptExecution" name="test_execute_script_dry_run" time="0.004" /><testcase classname="scriptman.tests.test_cli.test_execution.TestScriptExecution" name="test_execute_script_with_variables" time="0.085" /><testcase classname="scriptman.tests.test_cli.test_execution.TestScriptExecution" name="test_execute_script_with_dependencies" time="0.161" /><testcase classname="scriptman.tests.test_cli.test_execution.TestScriptExecution" name="test_dependency_validation_failure" time="0.003" /><testcase classname="scriptman.tests.test_cli.test_execution.TestScriptExecution" name="test_circular_dependency_failure" time="0.003" /><testcase classname="scriptman.tests.test_cli.test_execution.TestScriptExecution" name="test_self_dependency_failure" time="0.003" /><testcase classname="scriptman.tests.test_cli.test_execution.TestScriptExecution" name="test_dependency_execution_order" time="0.171" /><testcase classname="scriptman.tests.test_cli.test_execution.TestScriptExecution" name="test_complex_dependency_chain" time="0.360" /><testcase classname="scriptman.tests.test_cli.test_execution.TestScriptExecution" name="test_multiple_dependencies" time="0.238" /><testcase classname="scriptman.tests.test_cli.test_execution.TestScriptExecution" name="test_diamond_dependency_pattern" time="0.315" /><testcase classname="scriptman.tests.test_cli.test_execution.TestScriptExecution" name="test_dependency_failure_stops_execution" time="0.072" /><testcase classname="scriptman.tests.test_cli.test_execution.TestScriptExecution" name="test_no_dependencies_simple_execution" time="0.087" /><testcase classname="scriptman.tests.test_cli.test_execution.TestScriptExecution" name="test_dependency_with_variables" time="0.169" /><testcase classname="scriptman.tests.test_cli.test_execution.TestScriptExecution" name="test_verbose_dependency_execution" time="0.178" /><testcase classname="scriptman.tests.test_cli.test_execution.TestScriptExecution" name="test_simple_execution_alternative_mock" time="0.085" /><testcase classname="scriptman.tests.test_cli.test_registration.TestScriptRegistration" name="test_create_script_command" time="0.002" /><testcase classname="scriptman.tests.test_cli.test_registration.TestScriptRegistration" name="test_register_script_commands_success" time="0.004" /><testcase classname="scriptman.tests.test_cli.test_registration.TestScriptRegistration" name="test_register_script_commands_skip_reserved" time="0.004" /><testcase classname="scriptman.tests.test_cli.test_registration.TestScriptRegistration" name="test_register_script_commands_error_handling" time="0.005" /><testcase classname="scriptman.tests.test_config.test_dependencies.TestScriptDependencies" name="test_simple_dependency_chain" time="0.004" /><testcase classname="scriptman.tests.test_config.test_dependencies.TestScriptDependencies" name="test_multiple_dependencies" time="0.003" /><testcase classname="scriptman.tests.test_config.test_dependencies.TestScriptDependencies" name="test_diamond_dependency" time="0.002" /><testcase classname="scriptman.tests.test_config.test_dependencies.TestScriptDependencies" name="test_circular_dependency_detection" time="0.002" /><testcase classname="scriptman.tests.test_config.test_dependencies.TestScriptDependencies" name="test_self_dependency_detection" time="0.003" /><testcase classname="scriptman.tests.test_config.test_dependencies.TestScriptDependencies" name="test_missing_dependency_detection" time="0.002" /><testcase classname="scriptman.tests.test_config.test_dependencies.TestScriptDependencies" name="test_no_dependencies" time="0.002" /><testcase classname="scriptman.tests.test_config.test_dependencies.TestScriptDependencies" name="test_complex_dependency_graph" time="0.002" /><testcase classname="scriptman.tests.test_config.test_discovery.TestConfigDiscovery" name="test_find_config_file_in_current_dir" time="0.015" /><testcase classname="scriptman.tests.test_config.test_discovery.TestConfigDiscovery" name="test_find_config_file_priority" time="0.008" /><testcase classname="scriptman.tests.test_config.test_discovery.TestConfigDiscovery" name="test_find_config_file_in_parent" time="0.017" /><testcase classname="scriptman.tests.test_config.test_discovery.TestConfigDiscovery" name="test_find_config_file_not_found" time="0.007" /><testcase classname="scriptman.tests.test_config.test_discovery.TestConfigDiscovery" name="test_get_project_root" time="0.011" /><testcase classname="scriptman.tests.test_config.test_discovery.TestConfigDiscovery" name="test_get_project_root_not_found" time="0.005" /><testcase classname="scriptman.tests.test_config.test_discovery.TestConfigDiscovery" name="test_list_config_files_in_tree" time="0.012" /><testcase classname="scriptman.tests.test_config.test_discovery.TestConfigDiscovery" name="test_custom_config_names" time="0.005" /><testcase classname="scriptman.tests.test_config.test_loader.TestConfigLoader" name="test_load_raw_config_success" time="0.028" /><testcase classname="scriptman.tests.test_config.test_loader.TestConfigLoader" name="test_load_raw_config_not_found" time="0.003" /><testcase classname="scriptman.tests.test_config.test_loader.TestConfigLoader" name="test_load_raw_config_invalid_yaml" time="0.007" /><testcase classname="scriptman.tests.test_config.test_loader.TestConfigLoader" name="test_normalize_config" time="0.002" /><testcase classname="scriptman.tests.test_config.test_loader.TestConfigLoader" name="test_load_config_success" time="0.026" /><testcase classname="scriptman.tests.test_config.test_loader.TestConfigLoader" name="test_load_config_missing_file_silent" time="0.003" /><testcase classname="scriptman.tests.test_config.test_loader.TestConfigLoader" name="test_save_config" time="0.006" /><testcase classname="scriptman.tests.test_config.test_scripts.TestScriptConfiguration" name="test_load_scripts_success" time="0.002" /><testcase classname="scriptman.tests.test_config.test_scripts.TestScriptConfiguration" name="test_load_scripts_empty_config" time="0.001" /><testcase classname="scriptman.tests.test_config.test_scripts.TestScriptConfiguration" name="test_validate_script_config_string" time="0.001" /><testcase classname="scriptman.tests.test_config.test_scripts.TestScriptConfiguration" name="test_validate_script_config_dict" time="0.001" /><testcase classname="scriptman.tests.test_config.test_scripts.TestScriptConfiguration" name="test_validate_script_config_single_dependency_string" time="0.003" /><testcase classname="scriptman.tests.test_config.test_scripts.TestScriptConfiguration" name="test_validate_script_config_dict_no_description" time="0.002" /><testcase classname="scriptman.tests.test_config.test_scripts.TestScriptConfiguration" name="test_validate_script_config_missing_command" time="0.003" /><testcase classname="scriptman.tests.test_config.test_scripts.TestScriptConfiguration" name="test_validate_script_config_invalid_type" time="0.002" /><testcase classname="scriptman.tests.test_config.test_scripts.TestScriptConfiguration" name="test_is_script_name_reserved" time="0.001" /><testcase classname="scriptman.tests.test_config.test_scripts.TestScriptConfiguration" name="test_get_reserved_commands" time="0.003" /><testcase classname="scriptman.tests.test_config.test_scripts.TestScriptConfiguration" name="test_list_conflicting_scripts" time="0.002" /><testcase classname="scriptman.tests.test_config.test_scripts.TestScriptConfiguration" name="test_load_scripts_shows_warnings" time="0.003" /><testcase classname="scriptman.tests.test_config.test_scripts.TestScriptConfiguration" name="test_load_scripts_no_warnings" time="0.002" /><testcase classname="scriptman.tests.test_utils.test_command_parsing.TestCommandParsing" name="test_command_with_variables" time="0.005" /><testcase classname="scriptman.tests.test_utils.test_command_parsing.TestCommandParsing" name="test_command_with_variables_shell" time="0.002" /><testcase classname="scriptman.tests.test_utils.test_command_parsing.TestCommandParsing" name="test_command_without_variables" time="0.002" /><testcase classname="scriptman.tests.test_utils.test_command_parsing.TestCommandParsing" name="test_command_without_variables_shell" time="0.001" /><testcase classname="scriptman.tests.test_utils.test_command_parsing.TestCommandParsing" name="test_command_no_extra" time="0.002" /><testcase classname="scriptman.tests.test_utils.test_command_parsing.TestCommandParsing" name="test_command_with_variables_no_extra" time="0.002" /><testcase classname="scriptman.tests.test_utils.test_command_parsing.TestCommandParsing" name="test_complex_shell_command" time="0.002" /><testcase classname="scriptman.tests.test_utils.test_command_parsing.TestCommandParsing" name="test_invalid_shell_syntax" time="0.002" /><testcase classname="scriptman.tests.test_utils.test_variable_parsing.TestVariableParsing" name="test_string_type_basic" time="0.002" /><testcase classname="scriptman.tests.test_utils.test_variable_parsing.TestVariableParsing" name="test_string_type_with_quotes" time="0.003" /><testcase classname="scriptman.tests.test_utils.test_variable_parsing.TestVariableParsing" name="test_raw_type" time="0.002" /><testcase classname="scriptman.tests.test_utils.test_variable_parsing.TestVariableParsing" name="test_number_type_valid" time="0.002" /><testcase classname="scriptman.tests.test_utils.test_variable_parsing.TestVariableParsing" name="test_number_type_float" time="0.003" /><testcase classname="scriptman.tests.test_utils.test_variable_parsing.TestVariableParsing" name="test_number_type_invalid" time="0.003" /><testcase classname="scriptman.tests.test_utils.test_variable_parsing.TestVariableParsing" name="test_args_type" time="0.002" /><testcase classname="scriptman.tests.test_utils.test_variable_parsing.TestVariableParsing" name="test_args_type_with_spaces" time="0.002" /><testcase classname="scriptman.tests.test_utils.test_variable_parsing.TestVariableParsing" name="test_args_type_needs_quoting" time="0.004" /><testcase classname="scriptman.tests.test_utils.test_variable_parsing.TestVariableParsing" name="test_multiple_variables_same_value" time="0.003" /><testcase classname="scriptman.tests.test_utils.test_variable_parsing.TestVariableParsing" name="test_missing_type_required" time="0.002" /><testcase classname="scriptman.tests.test_utils.test_variable_parsing.TestVariableParsing" name="test_invalid_type" time="0.002" /><testcase classname="scriptman.tests.test_utils.test_variable_parsing.TestVariableParsing" name="test_no_variables_with_input" time="0.003" /><testcase classname="scriptman.tests.test_utils.test_variable_parsing.TestVariableParsing" name="test_variables_without_input" time="0.002" /><testcase classname="scriptman.tests.test_utils.test_variable_parsing.TestVariableParsing" name="test_empty_input_string" time="0.002" /><testcase classname="scriptman.tests.test_utils.test_variable_parsing.TestVariableParsing" name="test_whitespace_handling" time="0.002" /><testcase classname="scriptman.tests.test_utils.test_variable_parsing.TestVariableParsing" name="test_complex_command" time="0.003" /></testsuite></testsuites>